
> logstudio@2.2.1 test
> vitest --run

node.exe : [33mThe CJS build of Vite's Node API is deprecated. See https://vite.dev/guide/troubleshooting.html#vite-cjs-node-api-deprecated for more 
details.[39m
At line:1 char:1
+ & "C:\nvm4w\nodejs/node.exe" "C:\nvm4w\nodejs/node_modules/npm/bin/np ...
+ ~~~~~~~~~~~~~~~~~~~~~~~~~~~~~~~~~~~~~~~~~~~~~~~~~~~~~~~~~~~~~~~~~~~~~
    + CategoryInfo          : NotSpecified: ([33mThe CJS bu...e details.[39m:String) [], RemoteException
    + FullyQualifiedErrorId : NativeCommandError
 

[7m[1m[36m RUN [39m[22m[27m [36mv1.6.1[39m [90mD:/Projects/LogStudio[39m

 [32mΓ£ô[39m src/renderer/utils/changelogParser.test.ts [2m ([22m[2m8 tests[22m[2m)[22m[90m 13[2mms[22m[39m
[90mstdout[2m | src/renderer/utils/logParser.test.ts[2m > [22m[2mlogParser[2m > [22m[2mparseLogFile[2m > [22m[2mshould parse a single log entry correctly[22m[39m
Parsed entry 1: {
  timestamp: [32m'2025-01-01 12:00:00.000'[39m,
  level: [32m'INFO'[39m,
  namespace: [32m'Test.Namespace'[39m,
  message: [32m'Test message...'[39m,
  matchGroups: [
    [32m'2025-01-01 12:00:00.000'[39m,
    [32m'INFO'[39m,
    [32m'Test.Namespace '[39m,
    [32m'Test message'[39m
  ]
}

[90mstdout[2m | src/renderer/utils/logParser.test.ts[2m > [22m[2mlogParser[2m > [22m[2mparseLogFile[2m > [22m[2mshould parse multiple log entries[22m[39m
Parsed entry 1: {
  timestamp: [32m'2025-01-01 12:00:00.000'[39m,
  level: [32m'INFO'[39m,
  namespace: [32m'Test.Namespace'[39m,
  message: [32m'First message...'[39m,
  matchGroups: [
    [32m'2025-01-01 12:00:00.000'[39m,
    [32m'INFO'[39m,
    [32m'Test.Namespace '[39m,
    [32m'First message'[39m
  ]
}
Parsed entry 2: {
  timestamp: [32m'2025-01-01 12:00:01.000'[39m,
  level: [32m'ERROR'[39m,
  namespace: [32m'Test.Namespace'[39m,
  message: [32m'Second message...'[39m,
  matchGroups: [
    [32m'2025-01-01 12:00:01.000'[39m,
    [32m'ERROR'[39m,
    [32m'Test.Namespace '[39m,
    [32m'Second message'[39m
  ]
}
Parsed entry 3: {
  timestamp: [32m'2025-01-01 12:00:02.000'[39m,
  level: [32m'WARN'[39m,
  namespace: [32m'Test.Namespace'[39m,
  message: [32m'Third message...'[39m,
  matchGroups: [
    [32m'2025-01-01 12:00:02.000'[39m,
    [32m'WARN'[39m,
    [32m'Test.Namespace '[39m,
    [32m'Third message'[39m
  ]
}

[90mstdout[2m | src/renderer/utils/logParser.test.ts[2m > [22m[2mlogParser[2m > [22m[2mparseLogFile[2m > [22m[2mshould handle multi-line log entries[22m[39m
Parsed entry 1: {
  timestamp: [32m'2025-01-01 12:00:00.000'[39m,
  level: [32m'INFO'[39m,
  namespace: [32m'Test.Namespace'[39m,
  message: [32m'First line...'[39m,
  matchGroups: [
    [32m'2025-01-01 12:00:00.000'[39m,
    [32m'INFO'[39m,
    [32m'Test.Namespace '[39m,
    [32m'First line'[39m
  ]
}

[90mstdout[2m | src/renderer/utils/logParser.test.ts[2m > [22m[2mlogParser[2m > [22m[2mparseLogFile[2m > [22m[2mshould handle entries with different log levels[22m[39m
Parsed entry 1: {
  timestamp: [32m'2025-01-01 12:00:00.000'[39m,
  level: [32m'DEBUG'[39m,
  namespace: [32m'Test'[39m,
  message: [32m'Debug message...'[39m,
  matchGroups: [ [32m'2025-01-01 12:00:00.000'[39m, [32m'DEBUG'[39m, [32m'Test '[39m, [32m'Debug message'[39m ]
}
Parsed entry 2: {
  timestamp: [32m'2025-01-01 12:00:01.000'[39m,
  level: [32m'INFO'[39m,
  namespace: [32m'Test'[39m,
  message: [32m'Info message...'[39m,
  matchGroups: [ [32m'2025-01-01 12:00:01.000'[39m, [32m'INFO'[39m, [32m'Test '[39m, [32m'Info message'[39m ]
}
Parsed entry 3: {
  timestamp: [32m'2025-01-01 12:00:02.000'[39m,
  level: [32m'WARN'[39m,
  namespace: [32m'Test'[39m,
  message: [32m'Warning message...'[39m,
  matchGroups: [ [32m'2025-01-01 12:00:02.000'[39m, [32m'WARN'[39m, [32m'Test '[39m, [32m'Warning message'[39m ]
}

[90mstdout[2m | src/renderer/utils/logParser.test.ts[2m > [22m[2mlogParser[2m > [22m[2mparseLogFile[2m > [22m[2mshould handle empty lines[22m[39m
Parsed entry 1: {
  timestamp: [32m'2025-01-01 12:00:00.000'[39m,
  level: [32m'INFO'[39m,
  namespace: [32m'Test'[39m,
  message: [32m'Message...'[39m,
  matchGroups: [ [32m'2025-01-01 12:00:00.000'[39m, [32m'INFO'[39m, [32m'Test '[39m, [32m'Message'[39m ]
}
Parsed entry 3: {
  timestamp: [32m'2025-01-01 12:00:01.000'[39m,
  level: [32m'INFO'[39m,
  namespace: [32m'Test'[39m,
  message: [32m'Another message...'[39m,
  matchGroups: [ [32m'2025-01-01 12:00:01.000'[39m, [32m'INFO'[39m, [32m'Test '[39m, [32m'Another message'[39m ]
}

[90mstdout[2m | src/renderer/utils/logParser.test.ts[2m > [22m[2mlogParser[2m > [22m[2mparseLogFile[2m > [22m[2mshould handle lines without pattern match[22m[39m
Parsed entry 2: {
  timestamp: [32m'2025-01-01 12:00:00.000'[39m,
  level: [32m'INFO'[39m,
  namespace: [32m'Test'[39m,
  message: [32m'Valid message...'[39m,
  matchGroups: [ [32m'2025-01-01 12:00:00.000'[39m, [32m'INFO'[39m, [32m'Test '[39m, [32m'Valid message'[39m ]
}

[90mstdout[2m | src/renderer/utils/logParser.test.ts[2m > [22m[2mlogParser[2m > [22m[2mparseLogFile[2m > [22m[2mshould handle custom schema[22m[39m
Parsed entry 1: {
  timestamp: [32m'2025-01-01'[39m,
  level: [32m'INFO'[39m,
  namespace: [32m'Test.Namespace Custom format message'[39m,
  message: [32m'...'[39m,
  matchGroups: [ [32m'2025-01-01'[39m, [32m'INFO'[39m, [32m'Test.Namespace Custom format message'[39m ]
}

[90mstdout[2m | src/renderer/utils/logParser.test.ts[2m > [22m[2mlogParser[2m > [22m[2mparseLogFile[2m > [22m[2mshould handle whitespace around pipe separators[22m[39m
Parsed entry 1: {
  timestamp: [32m'2025-01-01 12:00:00.000'[39m,
  level: [32m'INFO'[39m,
  namespace: [32m'Test.Namespace'[39m,
  message: [32m'Message with spaces...'[39m,
  matchGroups: [
    [32m'2025-01-01 12:00:00.000'[39m,
    [32m'INFO'[39m,
    [32m'Test.Namespace  '[39m,
    [32m'Message with spaces'[39m
  ]
}

 [32mΓ£ô[39m src/renderer/utils/logParser.test.ts [2m ([22m[2m21 tests[22m[2m)[22m[90m 35[2mms[22m[39m
[90mstderr[2m | src/renderer/utils/settings.test.ts[2m > [22m[2msettings[2m > [22m[2mloadSettings[2m > [22m[2mshould handle invalid JSON 
gracefully[22m[39m
Error loading settings: SyntaxError: Unexpected token 'i', "invalid-json" is not valid JSON
    at JSON.parse (<anonymous>)
    at Module.loadSettings [90m(D:\Projects\LogStudio\[39msrc\renderer\utils\settings.ts:44:27[90m)[39m
    at [90mD:\Projects\LogStudio\[39msrc\renderer\utils\settings.test.ts:69:24
    at [90mfile:///D:/Projects/LogStudio/[39mnode_modules/[4m@vitest/runner[24m/dist/index.js:135:14
    at [90mfile:///D:/Projects/LogStudio/[39mnode_modules/[4m@vitest/runner[24m/dist/index.js:60:26
    at runTest [90m(file:///D:/Projects/LogStudio/[39mnode_modules/[4m@vitest/runner[24m/dist/index.js:781:17[90m)[39m
    at runSuite [90m(file:///D:/Projects/LogStudio/[39mnode_modules/[4m@vitest/runner[24m/dist/index.js:909:15[90m)[39m
    at runSuite [90m(file:///D:/Projects/LogStudio/[39mnode_modules/[4m@vitest/runner[24m/dist/index.js:909:15[90m)[39m
    at runSuite [90m(file:///D:/Projects/LogStudio/[39mnode_modules/[4m@vitest/runner[24m/dist/index.js:909:15[90m)[39m
    at runFiles [90m(file:///D:/Projects/LogStudio/[39mnode_modules/[4m@vitest/runner[24m/dist/index.js:958:5[90m)[39m

[90mstderr[2m | src/renderer/utils/settings.test.ts[2m > [22m[2msettings[2m > [22m[2msaveSettings[2m > [22m[2mshould handle localStorage errors 
gracefully[22m[39m
Error saving settings: Error: Storage quota exceeded
    at Object.<anonymous> [90m(D:\Projects\LogStudio\[39msrc\renderer\utils\settings.test.ts:107:15[90m)[39m
    at Object.mockCall [90m(file:///D:/Projects/LogStudio/[39mnode_modules/[4m@vitest/spy[24m/dist/index.js:50:17[90m)[39m
    at Object.spy [as setItem] [90m(file:///D:/Projects/LogStudio/[39mnode_modules/[4mtinyspy[24m/dist/index.js:42:80[90m)[39m
    at Module.saveSettings [90m(D:\Projects\LogStudio\[39msrc\renderer\utils\settings.ts:55:18[90m)[39m
    at [90mD:\Projects\LogStudio\[39msrc\renderer\utils\settings.test.ts:129:20
    at Proxy.assertThrows [90m(D:\Projects\LogStudio\[39mnode_modules\[4mchai[24m\lib\chai\core\assertions.js:2644:7[90m)[39m
    at Proxy.methodWrapper [90m(D:\Projects\LogStudio\[39mnode_modules\[4mchai[24m\lib\chai\utils\addMethod.js:57:25[90m)[39m
    at Proxy.<anonymous> [90m(file:///D:/Projects/LogStudio/[39mnode_modules/[4m@vitest/expect[24m/dist/index.js:850:16[90m)[39m
    at Proxy.overwritingMethodWrapper [90m(D:\Projects\LogStudio\[39mnode_modules\[4mchai[24m\lib\chai\utils\overwriteMethod.js:78:33[90m)[39m
    at Proxy.<anonymous> [90m(file:///D:/Projects/LogStudio/[39mnode_modules/[4m@vitest/expect[24m/dist/index.js:1324:19[90m)[39m

 [32mΓ£ô[39m src/renderer/utils/settings.test.ts [2m ([22m[2m6 tests[22m[2m)[22m[90m 47[2mms[22m[39m
 [32mΓ£ô[39m src/renderer/components/Toolbar.test.tsx [2m ([22m[2m5 tests[22m[2m)[22m[90m 144[2mms[22m[39m
 [32mΓ£ô[39m src/renderer/components/NamespaceTree.test.tsx [2m ([22m[2m4 tests[22m[2m)[22m[90m 157[2mms[22m[39m
 [32mΓ£ô[39m src/renderer/components/TabBar.test.tsx [2m ([22m[2m10 tests[22m[2m)[22m[90m 228[2mms[22m[39m
 [32mΓ£ô[39m src/renderer/components/TitleBar.test.tsx [2m ([22m[2m12 tests[22m[2m)[22m[90m 272[2mms[22m[39m
 [32mΓ£ô[39m src/renderer/components/NamespaceToolbar.test.tsx [2m ([22m[2m16 tests[22m[2m)[22m[90m 294[2mms[22m[39m
 [32mΓ£ô[39m src/renderer/components/AboutPanel.test.tsx [2m ([22m[2m4 tests[22m[2m)[22m[33m 337[2mms[22m[39m
[90mstdout[2m | src/renderer/components/LogViewer.test.tsx[2m > [22m[2mLogViewer[2m > [22m[2mshould render empty state when no file is selected[22m[39m
LogViewer: 0 of 0 entries after filtering
Tracking OFF - Restoring scroll position: [1mnull[22m

[90mstdout[2m | src/renderer/components/LogViewer.test.tsx[2m > [22m[2mLogViewer[2m > [22m[2mshould subtract the header height from the virtual list height[22m[39m
Initial load - showing loading state
LogViewer: 0 of 0 entries after filtering
Tracking OFF - Restoring scroll position: [1mnull[22m
Parsed entry 1: {
  timestamp: [32m'2025-01-01 12:00:00.000'[39m,
  level: [32m'INFO'[39m,
  namespace: [32m'Test.Namespace'[39m,
  message: [32m'First message...'[39m,
  matchGroups: [
    [32m'2025-01-01 12:00:00.000'[39m,
    [32m'INFO'[39m,
    [32m'Test.Namespace'[39m,
    [32m'First message'[39m
  ]
}
Parsed entry 2: {
  timestamp: [32m'2025-01-01 12:00:01.000'[39m,
  level: [32m'ERROR'[39m,
  namespace: [32m'Test.Namespace'[39m,
  message: [32m'Last visible message...'[39m,
  matchGroups: [
    [32m'2025-01-01 12:00:01.000'[39m,
    [32m'ERROR'[39m,
    [32m'Test.Namespace'[39m,
    [32m'Last visible message'[39m
  ]
}
LogViewer: Initial load - 2 entries parsed

[90mstdout[2m | src/renderer/components/LogViewer.test.tsx[2m > [22m[2mLogViewer[2m > [22m[2mshould subtract the header height from the virtual list height[22m[39m
LogViewer: 2 of 2 entries after filtering
Tracking OFF - Restoring scroll position: [1mnull[22m

 [32mΓ£ô[39m src/renderer/components/Sidebar.test.tsx [2m ([22m[2m6 tests[22m[2m)[22m[33m 441[2mms[22m[39m
[90mstdout[2m | src/renderer/components/LogViewer.test.tsx[2m > [22m[2mLogViewer[2m > [22m[2mshould load and display log entries[22m[39m
Initial load - showing loading state
LogViewer: 0 of 0 entries after filtering
Tracking OFF - Restoring scroll position: [1mnull[22m
Parsed entry 1: {
  timestamp: [32m'2025-01-01 12:00:00.000'[39m,
  level: [32m'INFO'[39m,
  namespace: [32m'Test.Namespace'[39m,
  message: [32m'Test message...'[39m,
  matchGroups: [
    [32m'2025-01-01 12:00:00.000'[39m,
    [32m'INFO'[39m,
    [32m'Test.Namespace'[39m,
    [32m'Test message'[39m
  ]
}
Parsed entry 2: {
  timestamp: [32m'2025-01-01 12:00:01.000'[39m,
  level: [32m'ERROR'[39m,
  namespace: [32m'Test.Namespace'[39m,
  message: [32m'Error message...'[39m,
  matchGroups: [
    [32m'2025-01-01 12:00:01.000'[39m,
    [32m'ERROR'[39m,
    [32m'Test.Namespace'[39m,
    [32m'Error message'[39m
  ]
}
LogViewer: Initial load - 2 entries parsed
LogViewer: 2 of 2 entries after filtering
Tracking OFF - Restoring scroll position: [1mnull[22m

[90mstderr[2m | src/renderer/App.test.tsx[2m > [22m[2mApp[2m > [22m[2mshould render main application structure[22m[39m
Warning: An update to App inside a test was not wrapped in act(...).

When testing, code that causes React state updates should be wrapped into act(...):

act(() => {
  /* fire events that update state */
});
/* assert on the output */

This ensures that you're testing the behavior the user would see in the browser. Learn more at https://reactjs.org/link/wrap-tests-with-act
    at App (D:\Projects\LogStudio\src\renderer\App.tsx:28:57)
    at I18nProvider (D:\Projects\LogStudio\src\test\setup.ts:20:22)
    at AppWithI18n (D:\Projects\LogStudio\src\renderer\App.tsx:738:57)

[90mstderr[2m | src/renderer/App.test.tsx[2m > [22m[2mApp[2m > [22m[2mshould load default settings on mount[22m[39m
Warning: An update to App inside a test was not wrapped in act(...).

When testing, code that causes React state updates should be wrapped into act(...):

act(() => {
  /* fire events that update state */
});
/* assert on the output */

This ensures that you're testing the behavior the user would see in the browser. Learn more at https://reactjs.org/link/wrap-tests-with-act
    at App (D:\Projects\LogStudio\src\renderer\App.tsx:28:57)
    at I18nProvider (D:\Projects\LogStudio\src\test\setup.ts:20:22)
    at AppWithI18n (D:\Projects\LogStudio\src\renderer\App.tsx:738:57)

[90mstderr[2m | src/renderer/App.test.tsx[2m > [22m[2mApp[2m > [22m[2mshould open settings panel when settings button is clicked[22m[39m
Warning: An update to App inside a test was not wrapped in act(...).

When testing, code that causes React state updates should be wrapped into act(...):

act(() => {
  /* fire events that update state */
});
/* assert on the output */

This ensures that you're testing the behavior the user would see in the browser. Learn more at https://reactjs.org/link/wrap-tests-with-act
    at App (D:\Projects\LogStudio\src\renderer\App.tsx:28:57)
    at I18nProvider (D:\Projects\LogStudio\src\test\setup.ts:20:22)
    at AppWithI18n (D:\Projects\LogStudio\src\renderer\App.tsx:738:57)

[90mstderr[2m | src/renderer/App.test.tsx[2m > [22m[2mApp[2m > [22m[2mshould close settings panel when close button is clicked[22m[39m
Warning: An update to App inside a test was not wrapped in act(...).

When testing, code that causes React state updates should be wrapped into act(...):

act(() => {
  /* fire events that update state */
});
/* assert on the output */

This ensures that you're testing the behavior the user would see in the browser. Learn more at https://reactjs.org/link/wrap-tests-with-act
    at App (D:\Projects\LogStudio\src\renderer\App.tsx:28:57)
    at I18nProvider (D:\Projects\LogStudio\src\test\setup.ts:20:22)
    at AppWithI18n (D:\Projects\LogStudio\src\renderer\App.tsx:738:57)

[90mstderr[2m | src/renderer/App.test.tsx[2m > [22m[2mApp[2m > [22m[2mshould open about panel when about button is clicked[22m[39m
Warning: An update to App inside a test was not wrapped in act(...).

When testing, code that causes React state updates should be wrapped into act(...):

act(() => {
  /* fire events that update state */
});
/* assert on the output */

This ensures that you're testing the behavior the user would see in the browser. Learn more at https://reactjs.org/link/wrap-tests-with-act
    at App (D:\Projects\LogStudio\src\renderer\App.tsx:28:57)
    at I18nProvider (D:\Projects\LogStudio\src\test\setup.ts:20:22)
    at AppWithI18n (D:\Projects\LogStudio\src\renderer\App.tsx:738:57)

[90mstderr[2m | src/renderer/App.test.tsx[2m > [22m[2mApp[2m > [22m[2mshould close about panel when close button is clicked[22m[39m
Warning: An update to App inside a test was not wrapped in act(...).

When testing, code that causes React state updates should be wrapped into act(...):

act(() => {
  /* fire events that update state */
});
/* assert on the output */

This ensures that you're testing the behavior the user would see in the browser. Learn more at https://reactjs.org/link/wrap-tests-with-act
    at App (D:\Projects\LogStudio\src\renderer\App.tsx:28:57)
    at I18nProvider (D:\Projects\LogStudio\src\test\setup.ts:20:22)
    at AppWithI18n (D:\Projects\LogStudio\src\renderer\App.tsx:738:57)

[90mstderr[2m | src/renderer/App.test.tsx[2m > [22m[2mApp[2m > [22m[2mshould toggle theme when theme toggle button is clicked[22m[39m
Warning: An update to App inside a test was not wrapped in act(...).

When testing, code that causes React state updates should be wrapped into act(...):

act(() => {
  /* fire events that update state */
});
/* assert on the output */

This ensures that you're testing the behavior the user would see in the browser. Learn more at https://reactjs.org/link/wrap-tests-with-act
    at App (D:\Projects\LogStudio\src\renderer\App.tsx:28:57)
    at I18nProvider (D:\Projects\LogStudio\src\test\setup.ts:20:22)
    at AppWithI18n (D:\Projects\LogStudio\src\renderer\App.tsx:738:57)

[90mstderr[2m | src/renderer/App.test.tsx[2m > [22m[2mApp[2m > [22m[2mshould handle file selection from sidebar[22m[39m
Warning: An update to App inside a test was not wrapped in act(...).

When testing, code that causes React state updates should be wrapped into act(...):

act(() => {
  /* fire events that update state */
});
/* assert on the output */

This ensures that you're testing the behavior the user would see in the browser. Learn more at https://reactjs.org/link/wrap-tests-with-act
    at App (D:\Projects\LogStudio\src\renderer\App.tsx:28:57)
    at I18nProvider (D:\Projects\LogStudio\src\test\setup.ts:20:22)
    at AppWithI18n (D:\Projects\LogStudio\src\renderer\App.tsx:738:57)

[90mstderr[2m | src/renderer/App.test.tsx[2m > [22m[2mApp[2m > [22m[2mshould handle multiple file selection from sidebar[22m[39m
Warning: An update to App inside a test was not wrapped in act(...).

When testing, code that causes React state updates should be wrapped into act(...):

act(() => {
  /* fire events that update state */
});
/* assert on the output */

This ensures that you're testing the behavior the user would see in the browser. Learn more at https://reactjs.org/link/wrap-tests-with-act
    at App (D:\Projects\LogStudio\src\renderer\App.tsx:28:57)
    at I18nProvider (D:\Projects\LogStudio\src\test\setup.ts:20:22)
    at AppWithI18n (D:\Projects\LogStudio\src\renderer\App.tsx:738:57)

[90mstdout[2m | src/renderer/components/LogViewer.test.tsx[2m > [22m[2mLogViewer[2m > [22m[2mshould filter entries by level[22m[39m
Initial load - showing loading state
LogViewer: 0 of 0 entries after filtering
Tracking OFF - Restoring scroll position: [1mnull[22m
Parsed entry 1: {
  timestamp: [32m'2025-01-01 12:00:00.000'[39m,
  level: [32m'INFO'[39m,
  namespace: [32m'Test'[39m,
  message: [32m'Info message...'[39m,
  matchGroups: [ [32m'2025-01-01 12:00:00.000'[39m, [32m'INFO'[39m, [32m'Test'[39m, [32m'Info message'[39m ]
}
Parsed entry 2: {
  timestamp: [32m'2025-01-01 12:00:01.000'[39m,
  level: [32m'ERROR'[39m,
  namespace: [32m'Test'[39m,
  message: [32m'Error message...'[39m,
  matchGroups: [ [32m'2025-01-01 12:00:01.000'[39m, [32m'ERROR'[39m, [32m'Test'[39m, [32m'Error message'[39m ]
}
Parsed entry 3: {
  timestamp: [32m'2025-01-01 12:00:02.000'[39m,
  level: [32m'WARN'[39m,
  namespace: [32m'Test'[39m,
  message: [32m'Warning message...'[39m,
  matchGroups: [ [32m'2025-01-01 12:00:02.000'[39m, [32m'WARN'[39m, [32m'Test'[39m, [32m'Warning message'[39m ]
}
LogViewer: Initial load - 3 entries parsed
LogViewer: 3 of 3 entries after filtering
Tracking OFF - Restoring scroll position: [1mnull[22m

[90mstdout[2m | src/renderer/App.test.tsx[2m > [22m[2mApp[2m > [22m[2mshould handle file dialog cancellation[22m[39m
Opening file dialog...
File dialog result: { success: [33mtrue[39m, canceled: [33mtrue[39m }
File dialog was canceled

[90mstdout[2m | src/renderer/components/LogViewer.test.tsx[2m > [22m[2mLogViewer[2m > [22m[2mshould handle multiple files[22m[39m
Loading 2 log files...
LogViewer: 0 of 0 entries after filtering
Tracking OFF - Restoring scroll position: [1mnull[22m
Parsed entry 1: {
  timestamp: [32m'2025-01-01 12:00:00.000'[39m,
  level: [32m'INFO'[39m,
  namespace: [32m'Test'[39m,
  message: [32m'Message 1...'[39m,
  matchGroups: [ [32m'2025-01-01 12:00:00.000'[39m, [32m'INFO'[39m, [32m'Test'[39m, [32m'Message 1'[39m ]
}
Parsed entry 1: {
  timestamp: [32m'2025-01-01 12:00:01.000'[39m,
  level: [32m'INFO'[39m,
  namespace: [32m'Test'[39m,
  message: [32m'Message 2...'[39m,
  matchGroups: [ [32m'2025-01-01 12:00:01.000'[39m, [32m'INFO'[39m, [32m'Test'[39m, [32m'Message 2'[39m ]
[90mstderr[2m | src/renderer/App.test.tsx[2m > [22m[2mApp[2m > [22m[2mshould handle file dialog error[22m[39m
Error opening file dialog: Dialog error

[90mstderr[2m | src/renderer/App.test.tsx[2m > [22m[2mApp[2m > [22m[2mshould handle tab selection[22m[39m
Warning: An update to App inside a test was not wrapped in act(...).

When testing, code that causes React state updates should be wrapped into act(...):

act(() => {
  /* fire events that update state */
});
/* assert on the output */
}
Loaded 2 entries from 2 files
LogViewer: 2 of 2 entries after filtering
Tracking OFF - Restoring scroll position: [1mnull[22m

[90mstdout[2m | src/renderer/components/LogViewer.test.tsx[2m > [22m[2mLogViewer[2m > [22m[2mshould toggle log level filter[22m[39m
Initial load - showing loading state
LogViewer: 0 of 0 entries after filtering
Tracking OFF - Restoring scroll position: [1mnull[22m
Parsed entry 1: {
  timestamp: [32m'2025-01-01 12:00:00.000'[39m,
  level: [32m'INFO'[39m,
  namespace: [32m'Test'[39m,
  message: [32m'Info message...'[39m,
  matchGroups: [ [32m'2025-01-01 12:00:00.000'[39m, [32m'INFO'[39m, [32m'Test'[39m, [32m'Info message'[39m ]
}
Parsed entry 2: {
  timestamp: [32m'2025-01-01 12:00:01.000'[39m,
  level: [32m'ERROR'[39m,
  namespace: [32m'Test'[39m,
  message: [32m'Error message...'[39m,
  matchGroups: [ [32m'2025-01-01 12:00:01.000'[39m, [32m'ERROR'[39m, [32m'Test'[39m, [32m'Error message'[39m ]
}
LogViewer: Initial load - 2 entries parsed
LogViewer: 2 of 2 entries after filtering
Tracking OFF - Restoring scroll position: [1mnull[22m

[90mstdout[2m | src/renderer/App.test.tsx[2m > [22m[2mApp[2m > [22m[2mshould handle file dialog error[22m[39m
Opening file dialog...
File dialog result: { success: [33mfalse[39m, error: [32m'Dialog error'[39m }

 [32mΓ£ô[39m src/renderer/App.test.tsx [2m ([22m[2m21 tests[22m[2m)[22m[33m 637[2mms[22m[39m

This ensures that you're testing the behavior the user would see in the browser. Learn more at https://reactjs.org/link/wrap-tests-with-act
    at App (D:\Projects\LogStudio\src\renderer\App.tsx:28:57)
    at I18nProvider (D:\Projects\LogStudio\src\test\setup.ts:20:22)
    at AppWithI18n (D:\Projects\LogStudio\src\renderer\App.tsx:738:57)

[90mstderr[2m | src/renderer/App.test.tsx[2m > [22m[2mApp[2m > [22m[2mshould handle tab closing when it is the active tab[22m[39m
Warning: An update to App inside a test was not wrapped in act(...).

When testing, code that causes React state updates should be wrapped into act(...):

act(() => {
  /* fire events that update state */
});
/* assert on the output */

This ensures that you're testing the behavior the user would see in the browser. Learn more at https://reactjs.org/link/wrap-tests-with-act
    at App (D:\Projects\LogStudio\src\renderer\App.tsx:28:57)
    at I18nProvider (D:\Projects\LogStudio\src\test\setup.ts:20:22)
    at AppWithI18n (D:\Projects\LogStudio\src\renderer\App.tsx:738:57)

[90mstderr[2m | src/renderer/App.test.tsx[2m > [22m[2mApp[2m > [22m[2mshould handle adding files to active tab[22m[39m
Warning: An update to App inside a test was not wrapped in act(...).

When testing, code that causes React state updates should be wrapped into act(...):

act(() => {
  /* fire events that update state */
});
/* assert on the output */

This ensures that you're testing the behavior the user would see in the browser. Learn more at https://reactjs.org/link/wrap-tests-with-act
    at App (D:\Projects\LogStudio\src\renderer\App.tsx:28:57)
    at I18nProvider (D:\Projects\LogStudio\src\test\setup.ts:20:22)
    at AppWithI18n (D:\Projects\LogStudio\src\renderer\App.tsx:738:57)

[90mstderr[2m | src/renderer/App.test.tsx[2m > [22m[2mApp[2m > [22m[2mshould handle namespace toggle[22m[39m
Warning: An update to App inside a test was not wrapped in act(...).

When testing, code that causes React state updates should be wrapped into act(...):

act(() => {
  /* fire events that update state */
});
/* assert on the output */

This ensures that you're testing the behavior the user would see in the browser. Learn more at https://reactjs.org/link/wrap-tests-with-act
    at App (D:\Projects\LogStudio\src\renderer\App.tsx:28:57)
    at I18nProvider (D:\Projects\LogStudio\src\test\setup.ts:20:22)
    at AppWithI18n (D:\Projects\LogStudio\src\renderer\App.tsx:738:57)

[90mstderr[2m | src/renderer/App.test.tsx[2m > [22m[2mApp[2m > [22m[2mshould handle reset filters[22m[39m
Warning: An update to App inside a test was not wrapped in act(...).

When testing, code that causes React state updates should be wrapped into act(...):

act(() => {
  /* fire events that update state */
});
/* assert on the output */

This ensures that you're testing the behavior the user would see in the browser. Learn more at https://reactjs.org/link/wrap-tests-with-act
    at App (D:\Projects\LogStudio\src\renderer\App.tsx:28:57)
    at I18nProvider (D:\Projects\LogStudio\src\test\setup.ts:20:22)
    at AppWithI18n (D:\Projects\LogStudio\src\renderer\App.tsx:738:57)

[90mstderr[2m | src/renderer/App.test.tsx[2m > [22m[2mApp[2m > [22m[2mshould handle electronAPI not available in handleOpenFile[22m[39m
electronAPI is not available

[90mstderr[2m | src/renderer/App.test.tsx[2m > [22m[2mApp[2m > [22m[2mshould apply theme changes to root element[22m[39m
Warning: An update to App inside a test was not wrapped in act(...).

When testing, code that causes React state updates should be wrapped into act(...):

act(() => {
  /* fire events that update state */
});
/* assert on the output */

This ensures that you're testing the behavior the user would see in the browser. Learn more at https://reactjs.org/link/wrap-tests-with-act
    at App (D:\Projects\LogStudio\src\renderer\App.tsx:28:57)
    at I18nProvider (D:\Projects\LogStudio\src\test\setup.ts:20:22)
    at AppWithI18n (D:\Projects\LogStudio\src\renderer\App.tsx:738:57)

[90mstderr[2m | src/renderer/App.test.tsx[2m > [22m[2mApp[2m > [22m[2mshould apply font size changes to root element[22m[39m
Warning: An update to App inside a test was not wrapped in act(...).

When testing, code that causes React state updates should be wrapped into act(...):

act(() => {
  /* fire events that update state */
});
/* assert on the output */

This ensures that you're testing the behavior the user would see in the browser. Learn more at https://reactjs.org/link/wrap-tests-with-act
    at App (D:\Projects\LogStudio\src\renderer\App.tsx:28:57)
    at I18nProvider (D:\Projects\LogStudio\src\test\setup.ts:20:22)
    at AppWithI18n (D:\Projects\LogStudio\src\renderer\App.tsx:738:57)

[90mstdout[2m | src/renderer/components/LogViewer.test.tsx[2m > [22m[2mLogViewer[2m > [22m[2mshould toggle log level filter[22m[39m
LogViewer: 1 of 2 entries after filtering
Filter changed - resetting list and scrolling to top
Tracking OFF - Restoring scroll position: [1mnull[22m

[90mstdout[2m | src/renderer/components/LogViewer.test.tsx[2m > [22m[2mLogViewer[2m > [22m[2mshould filter by namespace[22m[39m
Initial load - showing loading state
LogViewer: 0 of 0 entries after filtering
Tracking OFF - Restoring scroll position: [1mnull[22m
Parsed entry 1: {
  timestamp: [32m'2025-01-01 12:00:00.000'[39m,
  level: [32m'INFO'[39m,
  namespace: [32m'App.Service'[39m,
  message: [32m'Message 1...'[39m,
  matchGroups: [ [32m'2025-01-01 12:00:00.000'[39m, [32m'INFO'[39m, [32m'App.Service'[39m, [32m'Message 1'[39m ]
}
Parsed entry 2: {
  timestamp: [32m'2025-01-01 12:00:01.000'[39m,
  level: [32m'INFO'[39m,
  namespace: [32m'App.UI'[39m,
  message: [32m'Message 2...'[39m,
  matchGroups: [ [32m'2025-01-01 12:00:01.000'[39m, [32m'INFO'[39m, [32m'App.UI'[39m, [32m'Message 2'[39m ]
}
LogViewer: Initial load - 2 entries parsed
LogViewer: 1 of 2 entries after filtering
Tracking OFF - Restoring scroll position: [1mnull[22m

[90mstdout[2m | src/renderer/components/LogViewer.test.tsx[2m > [22m[2mLogViewer[2m > [22m[2mshould filter by search query[22m[39m
Initial load - showing loading state
LogViewer: 0 of 0 entries after filtering
Tracking OFF - Restoring scroll position: [1mnull[22m
Parsed entry 1: {
  timestamp: [32m'2025-01-01 12:00:00.000'[39m,
  level: [32m'INFO'[39m,
  namespace: [32m'Test'[39m,
  message: [32m'First message...'[39m,
  matchGroups: [ [32m'2025-01-01 12:00:00.000'[39m, [32m'INFO'[39m, [32m'Test'[39m, [32m'First message'[39m ]
}
Parsed entry 2: {
  timestamp: [32m'2025-01-01 12:00:01.000'[39m,
  level: [32m'INFO'[39m,
  namespace: [32m'Test'[39m,
  message: [32m'Second message...'[39m,
  matchGroups: [ [32m'2025-01-01 12:00:01.000'[39m, [32m'INFO'[39m, [32m'Test'[39m, [32m'Second message'[39m ]
}
LogViewer: Initial load - 2 entries parsed
LogViewer: 2 of 2 entries after filtering
Tracking OFF - Restoring scroll position: [1mnull[22m
LogViewer: 1 of 2 entries after filtering
Filter changed - resetting list and scrolling to top
Tracking OFF - Restoring scroll position: [1mnull[22m

[90mstdout[2m | src/renderer/components/LogViewer.test.tsx[2m > [22m[2mLogViewer[2m > [22m[2mshould call onResetFilters when reset button is clicked[22m[39m
Initial load - showing loading state
LogViewer: 0 of 0 entries after filtering
Tracking OFF - Restoring scroll position: [1mnull[22m
Parsed entry 1: {
  timestamp: [32m'2025-01-01 12:00:00.000'[39m,
  level: [32m'INFO'[39m,
  namespace: [32m'Test'[39m,
  message: [32m'Message...'[39m,
  matchGroups: [ [32m'2025-01-01 12:00:00.000'[39m, [32m'INFO'[39m, [32m'Test'[39m, [32m'Message'[39m ]
}
LogViewer: Initial load - 1 entries parsed
LogViewer: 1 of 1 entries after filtering
Tracking OFF - Restoring scroll position: [1mnull[22m
LogViewer: 1 of 1 entries after filtering
Filter changed - resetting list and scrolling to top
Tracking OFF - Restoring scroll position: [1mnull[22m

[90mstdout[2m | src/renderer/components/LogViewer.test.tsx[2m > [22m[2mLogViewer[2m > [22m[2mshould toggle auto-scroll[22m[39m
Initial load - showing loading state
LogViewer: 0 of 0 entries after filtering
Tracking OFF - Restoring scroll position: [1mnull[22m
Parsed entry 1: {
  timestamp: [32m'2025-01-01 12:00:00.000'[39m,
  level: [32m'INFO'[39m,
  namespace: [32m'Test'[39m,
  message: [32m'Message...'[39m,
  matchGroups: [ [32m'2025-01-01 12:00:00.000'[39m, [32m'INFO'[39m, [32m'Test'[39m, [32m'Message'[39m ]
}
LogViewer: Initial load - 1 entries parsed
LogViewer: 1 of 1 entries after filtering
Tracking OFF - Restoring scroll position: [1mnull[22m
LogViewer: 1 of 1 entries after filtering

[90mstdout[2m | src/renderer/components/LogViewer.test.tsx[2m > [22m[2mLogViewer[2m > [22m[2mshould handle file changes when auto-refresh is enabled[22m[39m
Initial load - showing loading state
LogViewer: 0 of 0 entries after filtering
Tracking OFF - Restoring scroll position: [1mnull[22m
Parsed entry 1: {
  timestamp: [32m'2025-01-01 12:00:00.000'[39m,
  level: [32m'INFO'[39m,
  namespace: [32m'Test'[39m,
  message: [32m'Message...'[39m,
  matchGroups: [ [32m'2025-01-01 12:00:00.000'[39m, [32m'INFO'[39m, [32m'Test'[39m, [32m'Message'[39m ]
}
LogViewer: Initial load - 1 entries parsed
LogViewer: 1 of 1 entries after filtering
Tracking OFF - Restoring scroll position: [1mnull[22m
File changed: /test/log.log Current file: /test/log.log Auto-refresh: [33mtrue[39m
Incremental update - NOT showing loading state

[90mstdout[2m | src/renderer/components/LogViewer.test.tsx[2m > [22m[2mLogViewer[2m > [22m[2mshould reload file when schema changes[22m[39m
Initial load - showing loading state
LogViewer: 0 of 0 entries after filtering
Tracking OFF - Restoring scroll position: [1mnull[22m
Parsed entry 1: {
  timestamp: [32m'2025-01-01 12:00:00.000'[39m,
  level: [32m'INFO'[39m,
  namespace: [32m'Test'[39m,
  message: [32m'Message...'[39m,
  matchGroups: [ [32m'2025-01-01 12:00:00.000'[39m, [32m'INFO'[39m, [32m'Test'[39m, [32m'Message'[39m ]
}
LogViewer: Initial load - 1 entries parsed
LogViewer: 1 of 1 entries after filtering
Tracking OFF - Restoring scroll position: [1mnull[22m
Schema changed - reloading file with new schema
Initial load - showing loading state
LogViewer: 0 of 0 entries after filtering
Tracking OFF - Restoring scroll position: [1mnull[22m
LogViewer: Initial load - 1 entries parsed
LogViewer: 1 of 1 entries after filtering
Tracking OFF - Restoring scroll position: [1mnull[22m

[90mstdout[2m | src/renderer/components/LogViewer.test.tsx[2m > [22m[2mLogViewer[2m > [22m[2mshould handle empty file content[22m[39m
Initial load - showing loading state
LogViewer: 0 of 0 entries after filtering
Tracking OFF - Restoring scroll position: [1mnull[22m

[90mstdout[2m | src/renderer/components/LogViewer.test.tsx[2m > [22m[2mLogViewer[2m > [22m[2mshould handle file read error[22m[39m
Initial load - showing loading state
LogViewer: 0 of 0 entries after filtering
Tracking OFF - Restoring scroll position: [1mnull[22m

 [32mΓ£ô[39m src/renderer/components/SettingsPanel.test.tsx [2m ([22m[2m9 tests[22m[2m)[22m[33m 1569[2mms[22m[39m
[90mstdout[2m | src/renderer/components/LogViewer.test.tsx[2m > [22m[2mLogViewer[2m > [22m[2mshould display entry count[22m[39m
Initial load - showing loading state
LogViewer: 0 of 0 entries after filtering
Tracking OFF - Restoring scroll position: [1mnull[22m
Parsed entry 1: {
  timestamp: [32m'2025-01-01 12:00:00.000'[39m,
  level: [32m'INFO'[39m,
  namespace: [32m'Test'[39m,
  message: [32m'Message 1...'[39m,
  matchGroups: [ [32m'2025-01-01 12:00:00.000'[39m, [32m'INFO'[39m, [32m'Test'[39m, [32m'Message 1'[39m ]
}
Parsed entry 2: {
  timestamp: [32m'2025-01-01 12:00:01.000'[39m,
  level: [32m'INFO'[39m,
  namespace: [32m'Test'[39m,
  message: [32m'Message 2...'[39m,
  matchGroups: [ [32m'2025-01-01 12:00:01.000'[39m, [32m'INFO'[39m, [32m'Test'[39m, [32m'Message 2'[39m ]
}
LogViewer: Initial load - 2 entries parsed
LogViewer: 2 of 2 entries after filtering
Tracking OFF - Restoring scroll position: [1mnull[22m

[90mstdout[2m | src/renderer/components/LogViewer.test.tsx[2m > [22m[2mLogViewer[2m > [22m[2mshould handle multi-line log entries[22m[39m
Initial load - showing loading state
LogViewer: 0 of 0 entries after filtering
Tracking OFF - Restoring scroll position: [1mnull[22m
Parsed entry 1: {
  timestamp: [32m'2025-01-01 12:00:00.000'[39m,
  level: [32m'INFO'[39m,
  namespace: [32m'Test'[39m,
  message: [32m'First line...'[39m,
  matchGroups: [ [32m'2025-01-01 12:00:00.000'[39m, [32m'INFO'[39m, [32m'Test'[39m, [32m'First line'[39m ]
}
LogViewer: Initial load - 1 entries parsed
LogViewer: 1 of 1 entries after filtering
Tracking OFF - Restoring scroll position: [1mnull[22m

[90mstdout[2m | src/renderer/components/LogViewer.test.tsx[2m > [22m[2mLogViewer[2m > [22m[2mshould format JSON content[22m[39m
Initial load - showing loading state
LogViewer: 0 of 0 entries after filtering
Tracking OFF - Restoring scroll position: [1mnull[22m
Parsed entry 1: {
  timestamp: [32m'2025-01-01 12:00:00.000'[39m,
  level: [32m'INFO'[39m,
  namespace: [32m'Test'[39m,
  message: [32m'{"key":"value","number":123}...'[39m,
  matchGroups: [
    [32m'2025-01-01 12:00:00.000'[39m,
    [32m'INFO'[39m,
    [32m'Test'[39m,
    [32m'{"key":"value","number":123}'[39m
  ]
}
LogViewer: Initial load - 1 entries parsed
LogViewer: 1 of 1 entries after filtering
Tracking OFF - Restoring scroll position: [1mnull[22m

[90mstdout[2m | src/renderer/components/LogViewer.test.tsx[2m > [22m[2mLogViewer[2m > [22m[2mshould format XML content[22m[39m
Initial load - showing loading state
LogViewer: 0 of 0 entries after filtering
Tracking OFF - Restoring scroll position: [1mnull[22m
Parsed entry 1: {
  timestamp: [32m'2025-01-01 12:00:00.000'[39m,
  level: [32m'INFO'[39m,
  namespace: [32m'Test'[39m,
  message: [32m'<root><item>value</item></root>...'[39m,
  matchGroups: [
    [32m'2025-01-01 12:00:00.000'[39m,
    [32m'INFO'[39m,
    [32m'Test'[39m,
    [32m'<root><item>value</item></root>'[39m
  ]
}
LogViewer: Initial load - 1 entries parsed
LogViewer: 1 of 1 entries after filtering
Tracking OFF - Restoring scroll position: [1mnull[22m

[90mstdout[2m | src/renderer/components/LogViewer.test.tsx[2m > [22m[2mLogViewer[2m > [22m[2mshould format exception content[22m[39m
Initial load - showing loading state
LogViewer: 0 of 0 entries after filtering
Tracking OFF - Restoring scroll position: [1mnull[22m
Parsed entry 1: {
  timestamp: [32m'2025-01-01 12:00:00.000'[39m,
  level: [32m'ERROR'[39m,
  namespace: [32m'Test'[39m,
  message: [32m'Exception: TestException...'[39m,
  matchGroups: [
    [32m'2025-01-01 12:00:00.000'[39m,
    [32m'ERROR'[39m,
    [32m'Test'[39m,
    [32m'Exception: TestException'[39m
  ]
}
LogViewer: Initial load - 1 entries parsed
LogViewer: 1 of 1 entries after filtering
Tracking OFF - Restoring scroll position: [1mnull[22m

[90mstdout[2m | src/renderer/components/LogViewer.test.tsx[2m > [22m[2mLogViewer[2m > [22m[2mshould handle incremental file loading[22m[39m
Initial load - showing loading state
LogViewer: 0 of 0 entries after filtering
Tracking OFF - Restoring scroll position: [1mnull[22m
Parsed entry 1: {
  timestamp: [32m'2025-01-01 12:00:00.000'[39m,
  level: [32m'INFO'[39m,
  namespace: [32m'Test'[39m,
  message: [32m'Message 1...'[39m,
  matchGroups: [ [32m'2025-01-01 12:00:00.000'[39m, [32m'INFO'[39m, [32m'Test'[39m, [32m'Message 1'[39m ]
}
LogViewer: Initial load - 1 entries parsed
LogViewer: 1 of 1 entries after filtering
Tracking OFF - Restoring scroll position: [1mnull[22m
File changed: /test/log.log Current file: /test/log.log Auto-refresh: [33mtrue[39m
Incremental update - NOT showing loading state
Parsed entry 2: {
  timestamp: [32m'2025-01-01 12:00:01.000'[39m,
  level: [32m'INFO'[39m,
  namespace: [32m'Test'[39m,
  message: [32m'Message 2...'[39m,
  matchGroups: [ [32m'2025-01-01 12:00:01.000'[39m, [32m'INFO'[39m, [32m'Test'[39m, [32m'Message 2'[39m ]
}
LogViewer: Appending 1 new entries
LogViewer: 2 of 2 entries after filtering
Tracking OFF - Restoring scroll position: [33m0[39m

[90mstdout[2m | src/renderer/components/LogViewer.test.tsx[2m > [22m[2mLogViewer[2m > [22m[2mshould handle file truncation[22m[39m
Initial load - showing loading state
LogViewer: 0 of 0 entries after filtering
Tracking OFF - Restoring scroll position: [1mnull[22m
Parsed entry 1: {
  timestamp: [32m'2025-01-01 12:00:00.000'[39m,
  level: [32m'INFO'[39m,
  namespace: [32m'Test'[39m,
  message: [32m'Message 1...'[39m,
  matchGroups: [ [32m'2025-01-01 12:00:00.000'[39m, [32m'INFO'[39m, [32m'Test'[39m, [32m'Message 1'[39m ]
}
Parsed entry 2: {
  timestamp: [32m'2025-01-01 12:00:01.000'[39m,
  level: [32m'INFO'[39m,
  namespace: [32m'Test'[39m,
  message: [32m'Message 2...'[39m,
  matchGroups: [ [32m'2025-01-01 12:00:01.000'[39m, [32m'INFO'[39m, [32m'Test'[39m, [32m'Message 2'[39m ]
}
LogViewer: Initial load - 2 entries parsed
LogViewer: 2 of 2 entries after filtering
Tracking OFF - Restoring scroll position: [1mnull[22m
File changed: /test/log.log Current file: /test/log.log Auto-refresh: [33mtrue[39m
Incremental update - NOT showing loading state
LogViewer: File truncated or replaced - reloading
Parsed entry 1: {
  timestamp: [32m'2025-01-01 12:00:02.000'[39m,
  level: [32m'INFO'[39m,
  namespace: [32m'Test'[39m,
  message: [32m'Message 3...'[39m,
  matchGroups: [ [32m'2025-01-01 12:00:02.000'[39m, [32m'INFO'[39m, [32m'Test'[39m, [32m'Message 3'[39m ]
}
LogViewer: 1 of 1 entries after filtering
Tracking OFF - Restoring scroll position: [1mnull[22m

[90mstdout[2m | src/renderer/components/LogViewer.test.tsx[2m > [22m[2mLogViewer[2m > [22m[2mshould handle scroll to end button click[22m[39m
Initial load - showing loading state
LogViewer: 0 of 0 entries after filtering
Tracking OFF - Restoring scroll position: [1mnull[22m
Parsed entry 1: {
  timestamp: [32m'2025-01-01 12:00:00.000'[39m,
  level: [32m'INFO'[39m,
  namespace: [32m'Test'[39m,
  message: [32m'Message 1...'[39m,
  matchGroups: [ [32m'2025-01-01 12:00:00.000'[39m, [32m'INFO'[39m, [32m'Test'[39m, [32m'Message 1'[39m ]
}
Parsed entry 2: {
  timestamp: [32m'2025-01-01 12:00:01.000'[39m,
  level: [32m'INFO'[39m,
  namespace: [32m'Test'[39m,
  message: [32m'Message 2...'[39m,
  matchGroups: [ [32m'2025-01-01 12:00:01.000'[39m, [32m'INFO'[39m, [32m'Test'[39m, [32m'Message 2'[39m ]
}
LogViewer: Initial load - 2 entries parsed
LogViewer: 2 of 2 entries after filtering
Tracking OFF - Restoring scroll position: [1mnull[22m

[90mstdout[2m | src/renderer/components/LogViewer.test.tsx[2m > [22m[2mLogViewer[2m > [22m[2mshould handle long namespace tooltips[22m[39m
Initial load - showing loading state
LogViewer: 0 of 0 entries after filtering
Tracking OFF - Restoring scroll position: [1mnull[22m
Parsed entry 1: {
  timestamp: [32m'2025-01-01 12:00:00.000'[39m,
  level: [32m'INFO'[39m,
  namespace: [32m'Very.Long.Namespace.Path.That.Exceeds.Thirty.Characters'[39m,
  message: [32m'Message...'[39m,
  matchGroups: [
    [32m'2025-01-01 12:00:00.000'[39m,
    [32m'INFO'[39m,
    [32m'Very.Long.Namespace.Path.That.Exceeds.Thirty.Characters'[39m,
    [32m'Message'[39m
  ]
}
LogViewer: Initial load - 1 entries parsed
LogViewer: 1 of 1 entries after filtering
Tracking OFF - Restoring scroll position: [1mnull[22m

[90mstdout[2m | src/renderer/components/LogViewer.test.tsx[2m > [22m[2mLogViewer[2m > [22m[2mshould handle copy to clipboard for JSON content[22m[39m
Initial load - showing loading state
LogViewer: 0 of 0 entries after filtering
Tracking OFF - Restoring scroll position: [1mnull[22m
Parsed entry 1: {
  timestamp: [32m'2025-01-01 12:00:00.000'[39m,
  level: [32m'INFO'[39m,
  namespace: [32m'Test'[39m,
  message: [32m'{"key":"value"}...'[39m,
  matchGroups: [ [32m'2025-01-01 12:00:00.000'[39m, [32m'INFO'[39m, [32m'Test'[39m, [32m'{"key":"value"}'[39m ]
}
LogViewer: Initial load - 1 entries parsed
LogViewer: 1 of 1 entries after filtering
Tracking OFF - Restoring scroll position: [1mnull[22m

[90mstdout[2m | src/renderer/components/LogViewer.test.tsx[2m > [22m[2mLogViewer[2m > [22m[2mshould handle all log levels[22m[39m
Initial load - showing loading state
LogViewer: 0 of 0 entries after filtering
Tracking OFF - Restoring scroll position: [1mnull[22m
Parsed entry 1: {
  timestamp: [32m'2025-01-01 12:00:00.000'[39m,
  level: [32m'DEBUG'[39m,
  namespace: [32m'Test'[39m,
  message: [32m'Debug message...'[39m,
  matchGroups: [ [32m'2025-01-01 12:00:00.000'[39m, [32m'DEBUG'[39m, [32m'Test'[39m, [32m'Debug message'[39m ]
}
Parsed entry 2: {
  timestamp: [32m'2025-01-01 12:00:01.000'[39m,
  level: [32m'INFO'[39m,
  namespace: [32m'Test'[39m,
  message: [32m'Info message...'[39m,
  matchGroups: [ [32m'2025-01-01 12:00:01.000'[39m, [32m'INFO'[39m, [32m'Test'[39m, [32m'Info message'[39m ]
}
Parsed entry 3: {
  timestamp: [32m'2025-01-01 12:00:02.000'[39m,
  level: [32m'WARN'[39m,
  namespace: [32m'Test'[39m,
  message: [32m'Warning message...'[39m,
  matchGroups: [ [32m'2025-01-01 12:00:02.000'[39m, [32m'WARN'[39m, [32m'Test'[39m, [32m'Warning message'[39m ]
}
LogViewer: Initial load - 5 entries parsed
LogViewer: 5 of 5 entries after filtering
Tracking OFF - Restoring scroll position: [1mnull[22m

[90mstdout[2m | src/renderer/components/LogViewer.test.tsx[2m > [22m[2mLogViewer[2m > [22m[2mshould handle entry expansion toggle[22m[39m
Initial load - showing loading state
LogViewer: 0 of 0 entries after filtering
Tracking OFF - Restoring scroll position: [1mnull[22m
Parsed entry 1: {
  timestamp: [32m'2025-01-01 12:00:00.000'[39m,
  level: [32m'INFO'[39m,
  namespace: [32m'Test'[39m,
  message: [32m'AAAAAAAAAAAAAAAAAAAAAAAAAAAAAAAAAAAAAAAAAAAAAAAAAA...'[39m,
  matchGroups: [
    [32m'2025-01-01 12:00:00.000'[39m,
    [32m'INFO'[39m,
    [32m'Test'[39m,
    [32m'AAAAAAAAAAAAAAAAAAAAAAAAAAAAAAAAAAAAAAAAAAAAAAAAAAAAAAAAAAAAAAAAAAAAAAAAAAAAAAAAAAAAAAAAAAAAAAAAAAAAAAAAAAAAAAAAAAAAAAAAAAAAAAAAAAAAAAAAAAAAAAAAAAAAAAAAAAAAAAAAAAAAAAAAAAAAAAAAAAAAAAAAAAAAAAAAAAAAAAAA'[39m
  ]
}
LogViewer: Initial load - 1 entries parsed
LogViewer: 1 of 1 entries after filtering
Tracking OFF - Restoring scroll position: [1mnull[22m

[90mstdout[2m | src/renderer/components/LogViewer.test.tsx[2m > [22m[2mLogViewer[2m > [22m[2mshould handle loading state[22m[39m
Initial load - showing loading state
LogViewer: 0 of 0 entries after filtering
Tracking OFF - Restoring scroll position: [1mnull[22m

[90mstdout[2m | src/renderer/components/LogViewer.test.tsx[2m > [22m[2mLogViewer[2m > [22m[2mshould handle no entries found state[22m[39m
Initial load - showing loading state
LogViewer: 0 of 0 entries after filtering
Tracking OFF - Restoring scroll position: [1mnull[22m
Parsed entry 1: {
  timestamp: [32m'2025-01-01 12:00:00.000'[39m,
  level: [32m'INFO'[39m,
  namespace: [32m'Test'[39m,
  message: [32m'Message...'[39m,
  matchGroups: [ [32m'2025-01-01 12:00:00.000'[39m, [32m'INFO'[39m, [32m'Test'[39m, [32m'Message'[39m ]
}
LogViewer: Initial load - 1 entries parsed
LogViewer: 0 of 1 entries after filtering
Tracking OFF - Restoring scroll position: [1mnull[22m

[90mstdout[2m | src/renderer/components/LogViewer.test.tsx[2m > [22m[2mLogViewer[2m > [22m[2mshould handle filter badges display[22m[39m
Initial load - showing loading state
LogViewer: 0 of 0 entries after filtering
Tracking OFF - Restoring scroll position: [1mnull[22m
Parsed entry 1: {
  timestamp: [32m'2025-01-01 12:00:00.000'[39m,
  level: [32m'INFO'[39m,
  namespace: [32m'App.Service'[39m,
  message: [32m'Message...'[39m,
  matchGroups: [ [32m'2025-01-01 12:00:00.000'[39m, [32m'INFO'[39m, [32m'App.Service'[39m, [32m'Message'[39m ]
}
LogViewer: Initial load - 1 entries parsed
LogViewer: 1 of 1 entries after filtering
Tracking OFF - Restoring scroll position: [1mnull[22m

[90mstdout[2m | src/renderer/components/LogViewer.test.tsx[2m > [22m[2mLogViewer[2m > [22m[2mshould handle refresh interval changes[22m[39m
Initial load - showing loading state
LogViewer: 0 of 0 entries after filtering
Tracking OFF - Restoring scroll position: [1mnull[22m
Parsed entry 1: {
  timestamp: [32m'2025-01-01 12:00:00.000'[39m,
  level: [32m'INFO'[39m,
  namespace: [32m'Test'[39m,
  message: [32m'Message...'[39m,
  matchGroups: [ [32m'2025-01-01 12:00:00.000'[39m, [32m'INFO'[39m, [32m'Test'[39m, [32m'Message'[39m ]
}
LogViewer: Initial load - 1 entries parsed
LogViewer: 1 of 1 entries after filtering
Tracking OFF - Restoring scroll position: [1mnull[22m

 [32mΓ£ô[39m src/renderer/components/LogViewer.test.tsx [2m ([22m[2m30 tests[22m[2m)[22m[33m 1648[2mms[22m[39m

[2m Test Files [22m [1m[32m13 passed[39m[22m[90m (13)[39m
[2m      Tests [22m [1m[32m152 passed[39m[22m[90m (152)[39m
[2m   Start at [22m 16:02:41
[2m   Duration [22m 47.95s[2m (transform 5.88s, setup 165.38s, collect 10.69s, tests 5.82s, environment 368.73s, prepare 41.29s)[22m

